--- Testing Dexcom Node Library ---
Loaded credentials for user: majidhadji@gmail.com (US)
1. Attempting Login...
   Login SUCCESS. Session ID: 9a65e1ee-8f9c-49eb-a940-4c2ad451c5b0
2. Fetching Last 24h Readings...
   Fetch SUCCESS. Got 10 readings.
   Last Reading: {
  "trend": {
    "name": "Flat",
    "desc": "steady",
    "arrow": "ΓåÆ"
  },
  "mgdl": 119,
  "mmol": 6.6,
  "time": "2025-12-13T17:54:32.000Z"
}
--- Test Complete ---
